  ERROR: Ignored the following versions that require a different python version: 0.10.6 Requires-Python <3.6,>=2.7; 0.10.7 Requires-Python <3.6,>=2.7
  ERROR: Could not find a version that satisfies the requirement cloud_dog_config>=0.3.1 (from versions: none)
Traceback (most recent call last):
  File "/home/gary/.local/lib/python3.10/site-packages/pip/_vendor/resolvelib/resolvers/resolution.py", line 434, in resolve
    self._add_to_criteria(self.state.criteria, r, parent=None)
  File "/home/gary/.local/lib/python3.10/site-packages/pip/_vendor/resolvelib/resolvers/resolution.py", line 151, in _add_to_criteria
    raise RequirementsConflicted(criterion)
pip._vendor.resolvelib.resolvers.exceptions.RequirementsConflicted: Requirements conflict: SpecifierRequirement('cloud_dog_config>=0.3.1')

The above exception was the direct cause of the following exception:

Traceback (most recent call last):
  File "/home/gary/.local/lib/python3.10/site-packages/pip/_internal/resolution/resolvelib/resolver.py", line 99, in resolve
    result = self._result = resolver.resolve(
  File "/home/gary/.local/lib/python3.10/site-packages/pip/_vendor/resolvelib/resolvers/resolution.py", line 601, in resolve
    state = resolution.resolve(requirements, max_rounds=max_rounds)
  File "/home/gary/.local/lib/python3.10/site-packages/pip/_vendor/resolvelib/resolvers/resolution.py", line 436, in resolve
    raise ResolutionImpossible(e.criterion.information) from e
pip._vendor.resolvelib.resolvers.exceptions.ResolutionImpossible: [RequirementInformation(requirement=SpecifierRequirement('cloud_dog_config>=0.3.1'), parent=None)]

The above exception was the direct cause of the following exception:

Traceback (most recent call last):
  File "/home/gary/.local/bin/pip-compile", line 6, in <module>
    sys.exit(cli())
  File "/home/gary/.local/lib/python3.10/site-packages/click/core.py", line 1462, in __call__
    return self.main(*args, **kwargs)
  File "/home/gary/.local/lib/python3.10/site-packages/click/core.py", line 1383, in main
    rv = self.invoke(ctx)
  File "/home/gary/.local/lib/python3.10/site-packages/click/core.py", line 1246, in invoke
    return ctx.invoke(self.callback, **ctx.params)
  File "/home/gary/.local/lib/python3.10/site-packages/click/core.py", line 814, in invoke
    return callback(*args, **kwargs)
  File "/home/gary/.local/lib/python3.10/site-packages/click/decorators.py", line 34, in new_func
    return f(get_current_context(), *args, **kwargs)
  File "/home/gary/.local/lib/python3.10/site-packages/piptools/scripts/compile.py", line 481, in cli
    results = resolver.resolve(max_rounds=max_rounds)
  File "/home/gary/.local/lib/python3.10/site-packages/piptools/resolver.py", line 642, in resolve
    is_resolved = self._do_resolve(
  File "/home/gary/.local/lib/python3.10/site-packages/piptools/resolver.py", line 677, in _do_resolve
    resolver.resolve(
  File "/home/gary/.local/lib/python3.10/site-packages/pip/_internal/resolution/resolvelib/resolver.py", line 108, in resolve
    raise error from e
pip._internal.exceptions.DistributionNotFound: No matching distribution found for cloud_dog_config>=0.3.1
